2026-03-18 16:21:56,787   INFO  **********************Start logging**********************
2026-03-18 16:21:56,787   INFO  CUDA_VISIBLE_DEVICES=ALL
2026-03-18 16:21:56,787   INFO  Training in distributed mode : total_batch_size: 4
2026-03-18 16:21:56,787   INFO  cfg_file         cfgs/mambafusion_models/mamba_fusion.yaml
2026-03-18 16:21:56,787   INFO  batch_size       1
2026-03-18 16:21:56,787   INFO  epochs           10
2026-03-18 16:21:56,787   INFO  workers          4
2026-03-18 16:21:56,787   INFO  extra_tag        default
2026-03-18 16:21:56,787   INFO  ckpt             None
2026-03-18 16:21:56,787   INFO  pretrained_model ckpts/pretrained.pth
2026-03-18 16:21:56,787   INFO  launcher         pytorch
2026-03-18 16:21:56,787   INFO  tcp_port         18888
2026-03-18 16:21:56,787   INFO  sync_bn          True
2026-03-18 16:21:56,787   INFO  fix_random_seed  False
2026-03-18 16:21:56,787   INFO  ckpt_save_interval 1
2026-03-18 16:21:56,788   INFO  local_rank       0
2026-03-18 16:21:56,788   INFO  max_ckpt_save_num 30
2026-03-18 16:21:56,788   INFO  merge_all_iters_to_one_epoch False
2026-03-18 16:21:56,788   INFO  set_cfgs         None
2026-03-18 16:21:56,788   INFO  max_waiting_mins 0
2026-03-18 16:21:56,788   INFO  start_epoch      0
2026-03-18 16:21:56,788   INFO  num_epochs_to_eval 1
2026-03-18 16:21:56,788   INFO  save_to_file     False
2026-03-18 16:21:56,788   INFO  use_tqdm_to_record False
2026-03-18 16:21:56,788   INFO  logger_iter_interval 1000
2026-03-18 16:21:56,788   INFO  ckpt_save_time_interval 300
2026-03-18 16:21:56,788   INFO  wo_gpu_stat      False
2026-03-18 16:21:56,788   INFO  use_amp          False
2026-03-18 16:21:56,788   INFO  eval_map         False
2026-03-18 16:21:56,788   INFO  cfg.ROOT_DIR: /home/bkai/xry/MambaFusion-main
2026-03-18 16:21:56,788   INFO  cfg.LOCAL_RANK: 0
2026-03-18 16:21:56,788   INFO  cfg.CLASS_NAMES: ['car', 'truck', 'construction_vehicle', 'bus', 'trailer', 'barrier', 'motorcycle', 'bicycle', 'pedestrian', 'traffic_cone']
2026-03-18 16:21:56,788   INFO  cfg.return_abs_coords: True
2026-03-18 16:21:56,788   INFO  cfg.use_test_interval: 1
2026-03-18 16:21:56,788   INFO  ----------- DATA_CONFIG -----------
2026-03-18 16:21:56,788   INFO  cfg.DATA_CONFIG.DATASET: NuScenesDataset
2026-03-18 16:21:56,788   INFO  cfg.DATA_CONFIG.DATA_PATH: ../data/nuscenes
2026-03-18 16:21:56,788   INFO  cfg.DATA_CONFIG.VERSION: v1.0-mini
2026-03-18 16:21:56,788   INFO  cfg.DATA_CONFIG.MAX_SWEEPS: 10
2026-03-18 16:21:56,788   INFO  cfg.DATA_CONFIG.PRED_VELOCITY: True
2026-03-18 16:21:56,788   INFO  cfg.DATA_CONFIG.SET_NAN_VELOCITY_TO_ZEROS: True
2026-03-18 16:21:56,788   INFO  cfg.DATA_CONFIG.FILTER_MIN_POINTS_IN_GT: 1
2026-03-18 16:21:56,788   INFO  ----------- DATA_SPLIT -----------
2026-03-18 16:21:56,788   INFO  cfg.DATA_CONFIG.DATA_SPLIT.train: train
2026-03-18 16:21:56,788   INFO  cfg.DATA_CONFIG.DATA_SPLIT.test: val
2026-03-18 16:21:56,788   INFO  ----------- INFO_PATH -----------
2026-03-18 16:21:56,788   INFO  cfg.DATA_CONFIG.INFO_PATH.train: ['nuscenes_infos_10sweeps_train_withimg.pkl']
2026-03-18 16:21:56,788   INFO  cfg.DATA_CONFIG.INFO_PATH.test: ['nuscenes_infos_10sweeps_val_withimg.pkl']
2026-03-18 16:21:56,789   INFO  cfg.DATA_CONFIG.POINT_CLOUD_RANGE: [-54.0, -54.0, -5.0, 54.0, 54.0, 3.0]
2026-03-18 16:21:56,789   INFO  cfg.DATA_CONFIG.BALANCED_RESAMPLING: True
2026-03-18 16:21:56,789   INFO  ----------- DATA_AUGMENTOR -----------
2026-03-18 16:21:56,789   INFO  cfg.DATA_CONFIG.DATA_AUGMENTOR.DISABLE_AUG_LIST: ['placeholder']
2026-03-18 16:21:56,789   INFO  cfg.DATA_CONFIG.DATA_AUGMENTOR.AUG_CONFIG_LIST: [{'NAME': 'gt_sampling', 'IMG_AUG_TYPE': 'nuscenes', 'IMG_AUG_MIXUP': 0.7, 'DB_INFO_PATH': ['nuscenes_dbinfos_10sweeps_withvelo.pkl'], 'PREPARE': {'filter_by_min_points': ['car:5', 'truck:5', 'construction_vehicle:5', 'bus:5', 'trailer:5', 'barrier:5', 'motorcycle:5', 'bicycle:5', 'pedestrian:5', 'traffic_cone:5']}, 'USE_DEL': False, 'USE_SHARED_MEMORY': False, 'DB_DATA_PATH': ['nuscenes_10sweeps_withvelo_lidar.npy', 'nuscenes_10sweeps_withvelo_img.npy'], 'SAMPLE_GROUPS': ['car:2', 'truck:3', 'construction_vehicle:7', 'bus:4', 'trailer:6', 'barrier:2', 'motorcycle:6', 'bicycle:6', 'pedestrian:2', 'traffic_cone:2'], 'NUM_POINT_FEATURES': 5, 'DATABASE_WITH_FAKELIDAR': False, 'REMOVE_EXTRA_WIDTH': [0.0, 0.0, 0.0], 'LIMIT_WHOLE_SCENE': True, 'use_hf': False, 'fr_path': '/private_dataset/nuscenes_pcdet/v1.0-trainval/gt_database_10sweeps_withvelo', 'fr_num': 54899}, {'NAME': 'velocity_aug'}, {'NAME': 'random_world_flip', 'ALONG_AXIS_LIST': ['x', 'y']}, {'NAME': 'random_world_rotation', 'WORLD_ROT_ANGLE': [-0.78539816, 0.78539816]}, {'NAME': 'random_world_scaling', 'WORLD_SCALE_RANGE': [0.9, 1.1]}, {'NAME': 'random_world_translation', 'NOISE_TRANSLATE_STD': [0.5, 0.5, 0.5]}, {'NAME': 'imgaug', 'ROT_LIM': [-5.4, 5.4], 'RAND_FLIP': True}]
2026-03-18 16:21:56,789   INFO  ----------- POINT_FEATURE_ENCODING -----------
2026-03-18 16:21:56,789   INFO  cfg.DATA_CONFIG.POINT_FEATURE_ENCODING.encoding_type: absolute_coordinates_encoding
2026-03-18 16:21:56,789   INFO  cfg.DATA_CONFIG.POINT_FEATURE_ENCODING.used_feature_list: ['x', 'y', 'z', 'intensity', 'timestamp']
2026-03-18 16:21:56,789   INFO  cfg.DATA_CONFIG.POINT_FEATURE_ENCODING.src_feature_list: ['x', 'y', 'z', 'intensity', 'timestamp']
2026-03-18 16:21:56,789   INFO  cfg.DATA_CONFIG.DATA_PROCESSOR: [{'NAME': 'mask_points_and_boxes_outside_range', 'REMOVE_OUTSIDE_BOXES': True}, {'NAME': 'shuffle_points', 'SHUFFLE_ENABLED': {'train': True, 'test': True}}, {'NAME': 'transform_points_to_voxels_placeholder', 'VOXEL_SIZE': [0.3, 0.3, 0.25]}, {'NAME': 'image_calibrate'}, {'NAME': 'image_normalize', 'use_debug_img': True, 'mean': [0.485, 0.456, 0.406], 'std': [0.229, 0.224, 0.225]}]
2026-03-18 16:21:56,789   INFO  cfg.DATA_CONFIG._BASE_CONFIG_: cfgs/dataset_configs/nuscenes_dataset.yaml
2026-03-18 16:21:56,789   INFO  ----------- SAMPLED_INTERVAL -----------
2026-03-18 16:21:56,789   INFO  cfg.DATA_CONFIG.SAMPLED_INTERVAL.train: 1
2026-03-18 16:21:56,789   INFO  cfg.DATA_CONFIG.SAMPLED_INTERVAL.test: 1
2026-03-18 16:21:56,789   INFO  ----------- CAMERA_CONFIG -----------
2026-03-18 16:21:56,789   INFO  cfg.DATA_CONFIG.CAMERA_CONFIG.USE_CAMERA: True
2026-03-18 16:21:56,789   INFO  ----------- IMAGE -----------
2026-03-18 16:21:56,789   INFO  cfg.DATA_CONFIG.CAMERA_CONFIG.IMAGE.FINAL_DIM: [256, 704]
2026-03-18 16:21:56,789   INFO  cfg.DATA_CONFIG.CAMERA_CONFIG.IMAGE.RESIZE_LIM_TRAIN: [0.38, 0.55]
2026-03-18 16:21:56,789   INFO  cfg.DATA_CONFIG.CAMERA_CONFIG.IMAGE.RESIZE_LIM_TEST: [0.48, 0.48]
2026-03-18 16:21:56,789   INFO  ----------- MODEL -----------
2026-03-18 16:21:56,789   INFO  cfg.MODEL.NAME: MambaFusion
2026-03-18 16:21:56,789   INFO  cfg.MODEL.USE_VOXEL_MAMBA: True
2026-03-18 16:21:56,789   INFO  ----------- VFE -----------
2026-03-18 16:21:56,789   INFO  cfg.MODEL.VFE.NAME: DynamicVoxelVFE
2026-03-18 16:21:56,789   INFO  cfg.MODEL.VFE.RETURN_ABS_COORDS: True
2026-03-18 16:21:56,789   INFO  cfg.MODEL.VFE.WITH_DISTANCE: False
2026-03-18 16:21:56,789   INFO  cfg.MODEL.VFE.USE_ABSLOTE_XYZ: True
2026-03-18 16:21:56,789   INFO  cfg.MODEL.VFE.USE_NORM: True
2026-03-18 16:21:56,789   INFO  cfg.MODEL.VFE.NUM_FILTERS: [128, 128]
2026-03-18 16:21:56,789   INFO  ----------- BACKBONE_3D -----------
2026-03-18 16:21:56,789   INFO  cfg.MODEL.BACKBONE_3D.NAME: LION3DBackboneOneStride
2026-03-18 16:21:56,790   INFO  cfg.MODEL.BACKBONE_3D.USE_DOW5: True
2026-03-18 16:21:56,790   INFO  cfg.MODEL.BACKBONE_3D.RETURN_ABS_COORDS: True
2026-03-18 16:21:56,790   INFO  cfg.MODEL.BACKBONE_3D.FEATURE_DIM: 128
2026-03-18 16:21:56,790   INFO  cfg.MODEL.BACKBONE_3D.LAYER_DIM: [128, 128, 128, 128]
2026-03-18 16:21:56,790   INFO  cfg.MODEL.BACKBONE_3D.NUM_LAYERS: 4
2026-03-18 16:21:56,790   INFO  cfg.MODEL.BACKBONE_3D.DEPTHS: [2, 2, 2, 2]
2026-03-18 16:21:56,790   INFO  cfg.MODEL.BACKBONE_3D.LAYER_DOWN_SCALES: [[[2, 2, 2], [2, 2, 2]], [[2, 2, 2], [2, 2, 2]], [[2, 2, 2], [2, 2, 2]], [[2, 2, 2], [2, 2, 2]]]
2026-03-18 16:21:56,790   INFO  cfg.MODEL.BACKBONE_3D.WINDOW_SHAPE: [[13, 13, 32], [13, 13, 16], [13, 13, 8], [13, 13, 4]]
2026-03-18 16:21:56,790   INFO  cfg.MODEL.BACKBONE_3D.GROUP_SIZE: [4096, 2048, 1024, 512]
2026-03-18 16:21:56,790   INFO  cfg.MODEL.BACKBONE_3D.DIRECTION: ['x', 'y']
2026-03-18 16:21:56,790   INFO  cfg.MODEL.BACKBONE_3D.DIFF_SCALE: 0.2
2026-03-18 16:21:56,790   INFO  cfg.MODEL.BACKBONE_3D.DIFFUSION: True
2026-03-18 16:21:56,790   INFO  cfg.MODEL.BACKBONE_3D.SHIFT: True
2026-03-18 16:21:56,790   INFO  ----------- OPERATOR -----------
2026-03-18 16:21:56,790   INFO  cfg.MODEL.BACKBONE_3D.OPERATOR.NAME: Mamba
2026-03-18 16:21:56,790   INFO  ----------- CFG -----------
2026-03-18 16:21:56,790   INFO  cfg.MODEL.BACKBONE_3D.OPERATOR.CFG.d_state: 16
2026-03-18 16:21:56,790   INFO  cfg.MODEL.BACKBONE_3D.OPERATOR.CFG.d_conv: 4
2026-03-18 16:21:56,790   INFO  cfg.MODEL.BACKBONE_3D.OPERATOR.CFG.expand: 2
2026-03-18 16:21:56,790   INFO  cfg.MODEL.BACKBONE_3D.OPERATOR.CFG.drop_path: 0.2
2026-03-18 16:21:56,790   INFO  ----------- MM_BACKBONE -----------
2026-03-18 16:21:56,790   INFO  cfg.MODEL.MM_BACKBONE.NAME: MambaFusion
2026-03-18 16:21:56,790   INFO  cfg.MODEL.MM_BACKBONE.VIS_TAG: False
2026-03-18 16:21:56,790   INFO  cfg.MODEL.MM_BACKBONE.use_test_interval: 1
2026-03-18 16:21:56,790   INFO  cfg.MODEL.MM_BACKBONE.RETURN_ABS_COORDS: True
2026-03-18 16:21:56,790   INFO  cfg.MODEL.MM_BACKBONE.USE_WINMAMBA: True
2026-03-18 16:21:56,790   INFO  cfg.MODEL.MM_BACKBONE.USE_ALL_MAMBA: True
2026-03-18 16:21:56,790   INFO  cfg.MODEL.MM_BACKBONE.USE_MAMBA_INTER2: True
2026-03-18 16:21:56,790   INFO  cfg.MODEL.MM_BACKBONE.USE_VMAMBA_PRETRAIN: True
2026-03-18 16:21:56,790   INFO  cfg.MODEL.MM_BACKBONE.EMBED_TYPE: fixed
2026-03-18 16:21:56,790   INFO  ----------- PATCH_EMBED -----------
2026-03-18 16:21:56,790   INFO  cfg.MODEL.MM_BACKBONE.PATCH_EMBED.in_channels: 3
2026-03-18 16:21:56,790   INFO  cfg.MODEL.MM_BACKBONE.PATCH_EMBED.image_size: [256, 704]
2026-03-18 16:21:56,790   INFO  cfg.MODEL.MM_BACKBONE.PATCH_EMBED.embed_dims: 128
2026-03-18 16:21:56,790   INFO  cfg.MODEL.MM_BACKBONE.PATCH_EMBED.patch_size: 8
2026-03-18 16:21:56,790   INFO  cfg.MODEL.MM_BACKBONE.PATCH_EMBED.patch_norm: True
2026-03-18 16:21:56,791   INFO  ----------- norm_cfg -----------
2026-03-18 16:21:56,791   INFO  cfg.MODEL.MM_BACKBONE.PATCH_EMBED.norm_cfg.type: LN
2026-03-18 16:21:56,791   INFO  ----------- IMAGE_INPUT_LAYER -----------
2026-03-18 16:21:56,791   INFO  cfg.MODEL.MM_BACKBONE.IMAGE_INPUT_LAYER.sparse_shape: [32, 88, 1]
2026-03-18 16:21:56,791   INFO  cfg.MODEL.MM_BACKBONE.IMAGE_INPUT_LAYER.d_model: [128]
2026-03-18 16:21:56,791   INFO  cfg.MODEL.MM_BACKBONE.IMAGE_INPUT_LAYER.set_info: [[90, 2]]
2026-03-18 16:21:56,791   INFO  cfg.MODEL.MM_BACKBONE.IMAGE_INPUT_LAYER.window_shape: [[30, 30, 1]]
2026-03-18 16:21:56,791   INFO  cfg.MODEL.MM_BACKBONE.IMAGE_INPUT_LAYER.hybrid_factor: [1, 1, 1]
2026-03-18 16:21:56,791   INFO  cfg.MODEL.MM_BACKBONE.IMAGE_INPUT_LAYER.shifts_list: [[[0, 0, 0], [15, 15, 0]]]
2026-03-18 16:21:56,791   INFO  cfg.MODEL.MM_BACKBONE.IMAGE_INPUT_LAYER.input_image: True
2026-03-18 16:21:56,791   INFO  ----------- LIDAR_INPUT_LAYER -----------
2026-03-18 16:21:56,791   INFO  cfg.MODEL.MM_BACKBONE.LIDAR_INPUT_LAYER.sparse_shape: [360, 360, 1]
2026-03-18 16:21:56,791   INFO  cfg.MODEL.MM_BACKBONE.LIDAR_INPUT_LAYER.d_model: [128]
2026-03-18 16:21:56,791   INFO  cfg.MODEL.MM_BACKBONE.LIDAR_INPUT_LAYER.set_info: [[90, 2]]
2026-03-18 16:21:56,791   INFO  cfg.MODEL.MM_BACKBONE.LIDAR_INPUT_LAYER.window_shape: [[30, 30, 1]]
2026-03-18 16:21:56,791   INFO  cfg.MODEL.MM_BACKBONE.LIDAR_INPUT_LAYER.hybrid_factor: [1, 1, 1]
2026-03-18 16:21:56,791   INFO  cfg.MODEL.MM_BACKBONE.LIDAR_INPUT_LAYER.shifts_list: [[[0, 0, 0], [15, 15, 0]]]
2026-03-18 16:21:56,791   INFO  cfg.MODEL.MM_BACKBONE.set_info: [[90, 2]]
2026-03-18 16:21:56,791   INFO  cfg.MODEL.MM_BACKBONE.d_model: [128]
2026-03-18 16:21:56,791   INFO  cfg.MODEL.MM_BACKBONE.nhead: [8]
2026-03-18 16:21:56,791   INFO  cfg.MODEL.MM_BACKBONE.dim_feedforward: [256]
2026-03-18 16:21:56,791   INFO  cfg.MODEL.MM_BACKBONE.dropout: 0.0
2026-03-18 16:21:56,791   INFO  cfg.MODEL.MM_BACKBONE.activation: gelu
2026-03-18 16:21:56,791   INFO  cfg.MODEL.MM_BACKBONE.checkpoint_blocks: [0, 1]
2026-03-18 16:21:56,791   INFO  ----------- layer_cfg -----------
2026-03-18 16:21:56,791   INFO  cfg.MODEL.MM_BACKBONE.layer_cfg.use_bn: False
2026-03-18 16:21:56,791   INFO  cfg.MODEL.MM_BACKBONE.layer_cfg.split_ffn: True
2026-03-18 16:21:56,791   INFO  cfg.MODEL.MM_BACKBONE.layer_cfg.split_residual: True
2026-03-18 16:21:56,791   INFO  ----------- FUSE_BACKBONE -----------
2026-03-18 16:21:56,791   INFO  ----------- LIDAR2IMAGE -----------
2026-03-18 16:21:56,791   INFO  cfg.MODEL.MM_BACKBONE.FUSE_BACKBONE.LIDAR2IMAGE.block_start: 1
2026-03-18 16:21:56,791   INFO  cfg.MODEL.MM_BACKBONE.FUSE_BACKBONE.LIDAR2IMAGE.block_end: 2
2026-03-18 16:21:56,791   INFO  cfg.MODEL.MM_BACKBONE.FUSE_BACKBONE.LIDAR2IMAGE.point_cloud_range: [-54.0, -54.0, -5.0, 54.0, 54.0, 3.0]
2026-03-18 16:21:56,791   INFO  cfg.MODEL.MM_BACKBONE.FUSE_BACKBONE.LIDAR2IMAGE.voxel_size: [0.3, 0.3, 8.0]
2026-03-18 16:21:56,791   INFO  cfg.MODEL.MM_BACKBONE.FUSE_BACKBONE.LIDAR2IMAGE.sample_num: 1
2026-03-18 16:21:56,792   INFO  ----------- lidar2image_layer -----------
2026-03-18 16:21:56,792   INFO  cfg.MODEL.MM_BACKBONE.FUSE_BACKBONE.LIDAR2IMAGE.lidar2image_layer.sparse_shape: [96, 264, 6]
2026-03-18 16:21:56,792   INFO  cfg.MODEL.MM_BACKBONE.FUSE_BACKBONE.LIDAR2IMAGE.lidar2image_layer.d_model: [128]
2026-03-18 16:21:56,792   INFO  cfg.MODEL.MM_BACKBONE.FUSE_BACKBONE.LIDAR2IMAGE.lidar2image_layer.set_info: [[90, 1]]
2026-03-18 16:21:56,792   INFO  cfg.MODEL.MM_BACKBONE.FUSE_BACKBONE.LIDAR2IMAGE.lidar2image_layer.window_shape: [[30, 30, 1]]
2026-03-18 16:21:56,792   INFO  cfg.MODEL.MM_BACKBONE.FUSE_BACKBONE.LIDAR2IMAGE.lidar2image_layer.hybrid_factor: [1, 1, 1]
2026-03-18 16:21:56,792   INFO  cfg.MODEL.MM_BACKBONE.FUSE_BACKBONE.LIDAR2IMAGE.lidar2image_layer.shifts_list: [[[0, 0, 0], [15, 15, 0]]]
2026-03-18 16:21:56,792   INFO  cfg.MODEL.MM_BACKBONE.FUSE_BACKBONE.LIDAR2IMAGE.lidar2image_layer.expand_max_voxels: 30
2026-03-18 16:21:56,792   INFO  cfg.MODEL.MM_BACKBONE.out_indices: [0, 1]
2026-03-18 16:21:56,792   INFO  ----------- NECK -----------
2026-03-18 16:21:56,792   INFO  cfg.MODEL.NECK.NAME: GeneralizedLSSFPN
2026-03-18 16:21:56,792   INFO  cfg.MODEL.NECK.IN_CHANNELS: [128, 128]
2026-03-18 16:21:56,792   INFO  cfg.MODEL.NECK.OUT_CHANNELS: 256
2026-03-18 16:21:56,792   INFO  cfg.MODEL.NECK.START_LEVEL: 0
2026-03-18 16:21:56,792   INFO  cfg.MODEL.NECK.END_LEVEL: -1
2026-03-18 16:21:56,792   INFO  cfg.MODEL.NECK.NUM_OUTS: 4
2026-03-18 16:21:56,792   INFO  cfg.MODEL.NECK.USE_BIAS: True
2026-03-18 16:21:56,792   INFO  cfg.MODEL.NECK.ALIGN_CORNERS: True
2026-03-18 16:21:56,792   INFO  ----------- VTRANSFORM -----------
2026-03-18 16:21:56,792   INFO  cfg.MODEL.VTRANSFORM.NAME: LSSTransform_Lite
2026-03-18 16:21:56,792   INFO  cfg.MODEL.VTRANSFORM.USE_MAMBA: True
2026-03-18 16:21:56,792   INFO  cfg.MODEL.VTRANSFORM.MAMBA_DOWNSAMPLE_SCALE: 2
2026-03-18 16:21:56,792   INFO  cfg.MODEL.VTRANSFORM.IMAGE_SIZE: [256, 704]
2026-03-18 16:21:56,792   INFO  cfg.MODEL.VTRANSFORM.IN_CHANNEL: 256
2026-03-18 16:21:56,792   INFO  cfg.MODEL.VTRANSFORM.OUT_CHANNEL: 80
2026-03-18 16:21:56,792   INFO  cfg.MODEL.VTRANSFORM.FEATURE_SIZE: [32, 88]
2026-03-18 16:21:56,792   INFO  cfg.MODEL.VTRANSFORM.XBOUND: [-54.0, 54.0, 0.3]
2026-03-18 16:21:56,792   INFO  cfg.MODEL.VTRANSFORM.YBOUND: [-54.0, 54.0, 0.3]
2026-03-18 16:21:56,792   INFO  cfg.MODEL.VTRANSFORM.ZBOUND: [-10.0, 10.0, 20.0]
2026-03-18 16:21:56,792   INFO  cfg.MODEL.VTRANSFORM.DBOUND: [1.0, 60.0, 0.5]
2026-03-18 16:21:56,792   INFO  cfg.MODEL.VTRANSFORM.DOWNSAMPLE: 1
2026-03-18 16:21:56,792   INFO  ----------- FUSER -----------
2026-03-18 16:21:56,792   INFO  cfg.MODEL.FUSER.NAME: ConvFuser
2026-03-18 16:21:56,792   INFO  cfg.MODEL.FUSER.IN_CHANNEL: 208
2026-03-18 16:21:56,792   INFO  cfg.MODEL.FUSER.OUT_CHANNEL: 128
2026-03-18 16:21:56,792   INFO  cfg.MODEL.FUSER.USE_MODALITY_DROPOUT: False
2026-03-18 16:21:56,792   INFO  cfg.MODEL.FUSER.P_CAM: 0.1
2026-03-18 16:21:56,793   INFO  cfg.MODEL.FUSER.P_LIDAR: 0.05
2026-03-18 16:21:56,793   INFO  cfg.MODEL.FUSER.USE_GATED_FUSION: True
2026-03-18 16:21:56,793   INFO  cfg.MODEL.FUSER.USE_ALIGNMENT_PROXY: False
2026-03-18 16:21:56,793   INFO  cfg.MODEL.FUSER.ALIGNMENT_PROXY_MODE: none
2026-03-18 16:21:56,793   INFO  cfg.MODEL.FUSER.GATE_USE_MASK: True
2026-03-18 16:21:56,793   INFO  cfg.MODEL.FUSER.GATE_HIDDEN_DIM: 128
2026-03-18 16:21:56,793   INFO  cfg.MODEL.FUSER.GATE_PROJ_DIM: 64
2026-03-18 16:21:56,793   INFO  cfg.MODEL.FUSER.TOPK_TRAIN: 2
2026-03-18 16:21:56,793   INFO  cfg.MODEL.FUSER.TOPK_EVAL: 2
2026-03-18 16:21:56,793   INFO  cfg.MODEL.FUSER.ENFORCE_CONSISTENT_TOPK: True
2026-03-18 16:21:56,793   INFO  cfg.MODEL.FUSER.USE_CONTINUOUS_SOFT_GATE: True
2026-03-18 16:21:56,793   INFO  cfg.MODEL.FUSER.SPARSE_GATE_INCLUDE_NULL_EXPERT: True
2026-03-18 16:21:56,793   INFO  cfg.MODEL.FUSER.USE_SOFT_MASK_TRAIN: True
2026-03-18 16:21:56,793   INFO  cfg.MODEL.FUSER.SOFT_MASK_THRESHOLD: 0.5
2026-03-18 16:21:56,793   INFO  cfg.MODEL.FUSER.SOFT_MASK_TEMPERATURE: 0.25
2026-03-18 16:21:56,793   INFO  cfg.MODEL.FUSER.MASK_BUDGET_TARGET: 0.7
2026-03-18 16:21:56,793   INFO  cfg.MODEL.FUSER.LOSS_WEIGHT_LB: 0.01
2026-03-18 16:21:56,793   INFO  cfg.MODEL.FUSER.LOSS_WEIGHT_Z: 0.001
2026-03-18 16:21:56,793   INFO  cfg.MODEL.FUSER.LOSS_WEIGHT_CAP: 0.01
2026-03-18 16:21:56,793   INFO  cfg.MODEL.FUSER.CAPACITY_FACTOR: 1.25
2026-03-18 16:21:56,793   INFO  cfg.MODEL.FUSER.LOSS_WEIGHT_BUDGET: 0.01
2026-03-18 16:21:56,793   INFO  cfg.MODEL.FUSER.LOSS_WEIGHT_BUDGET_SHAPE: 0.01
2026-03-18 16:21:56,793   INFO  cfg.MODEL.FUSER.LOSS_WEIGHT_NULL: 0.01
2026-03-18 16:21:56,793   INFO  cfg.MODEL.FUSER.NULL_BUDGET_TARGET: 0.15
2026-03-18 16:21:56,793   INFO  cfg.MODEL.FUSER.USE_SPARSE_DISTILL: True
2026-03-18 16:21:56,793   INFO  cfg.MODEL.FUSER.DISTILL_DETACH_TEACHER: True
2026-03-18 16:21:56,793   INFO  cfg.MODEL.FUSER.LOSS_WEIGHT_DISTILL: 0.02
2026-03-18 16:21:56,793   INFO  cfg.MODEL.FUSER.DISTILL_WARMUP_STEPS: 2000
2026-03-18 16:21:56,793   INFO  cfg.MODEL.FUSER.ENABLE_DISTILL_GRAD_MONITOR: True
2026-03-18 16:21:56,793   INFO  cfg.MODEL.FUSER.DISTILL_CONFLICT_THRESHOLD: 0.0
2026-03-18 16:21:56,793   INFO  cfg.MODEL.FUSER.DISTILL_CONFLICT_MODE: downweight
2026-03-18 16:21:56,793   INFO  cfg.MODEL.FUSER.DISTILL_CONFLICT_DROP_SCALE: 0.5
2026-03-18 16:21:56,793   INFO  ----------- MAP_TO_BEV -----------
2026-03-18 16:21:56,793   INFO  cfg.MODEL.MAP_TO_BEV.NAME: PointPillarScatter3d
2026-03-18 16:21:56,793   INFO  cfg.MODEL.MAP_TO_BEV.INPUT_SHAPE: [360, 360, 1]
2026-03-18 16:21:56,793   INFO  cfg.MODEL.MAP_TO_BEV.NUM_BEV_FEATURES: 128
2026-03-18 16:21:56,794   INFO  ----------- BACKBONE_2D -----------
2026-03-18 16:21:56,794   INFO  cfg.MODEL.BACKBONE_2D.NAME: BaseBEVResBackbone
2026-03-18 16:21:56,794   INFO  cfg.MODEL.BACKBONE_2D.LAYER_NUMS: [1, 2, 2, 2]
2026-03-18 16:21:56,794   INFO  cfg.MODEL.BACKBONE_2D.LAYER_STRIDES: [1, 2, 2, 2]
2026-03-18 16:21:56,794   INFO  cfg.MODEL.BACKBONE_2D.NUM_FILTERS: [128, 128, 256, 256]
2026-03-18 16:21:56,794   INFO  cfg.MODEL.BACKBONE_2D.UPSAMPLE_STRIDES: [0.5, 1, 2, 4]
2026-03-18 16:21:56,794   INFO  cfg.MODEL.BACKBONE_2D.NUM_UPSAMPLE_FILTERS: [128, 128, 128, 128]
2026-03-18 16:21:56,794   INFO  ----------- DENSE_HEAD -----------
2026-03-18 16:21:56,794   INFO  cfg.MODEL.DENSE_HEAD.CLASS_AGNOSTIC: False
2026-03-18 16:21:56,794   INFO  cfg.MODEL.DENSE_HEAD.NAME: TransFusionHead
2026-03-18 16:21:56,794   INFO  cfg.MODEL.DENSE_HEAD.QUERY_RADIUS: 20
2026-03-18 16:21:56,794   INFO  cfg.MODEL.DENSE_HEAD.QUERY_LOCAL: True
2026-03-18 16:21:56,794   INFO  cfg.MODEL.DENSE_HEAD.USE_BIAS_BEFORE_NORM: True
2026-03-18 16:21:56,794   INFO  cfg.MODEL.DENSE_HEAD.NUM_PROPOSALS: 200
2026-03-18 16:21:56,794   INFO  cfg.MODEL.DENSE_HEAD.HIDDEN_CHANNEL: 128
2026-03-18 16:21:56,794   INFO  cfg.MODEL.DENSE_HEAD.NUM_CLASSES: 10
2026-03-18 16:21:56,794   INFO  cfg.MODEL.DENSE_HEAD.NUM_HEADS: 8
2026-03-18 16:21:56,794   INFO  cfg.MODEL.DENSE_HEAD.NMS_KERNEL_SIZE: 3
2026-03-18 16:21:56,794   INFO  cfg.MODEL.DENSE_HEAD.FFN_CHANNEL: 256
2026-03-18 16:21:56,794   INFO  cfg.MODEL.DENSE_HEAD.DROPOUT: 0.1
2026-03-18 16:21:56,794   INFO  cfg.MODEL.DENSE_HEAD.BN_MOMENTUM: 0.1
2026-03-18 16:21:56,794   INFO  cfg.MODEL.DENSE_HEAD.ACTIVATION: relu
2026-03-18 16:21:56,794   INFO  cfg.MODEL.DENSE_HEAD.NUM_HM_CONV: 2
2026-03-18 16:21:56,794   INFO  ----------- SEPARATE_HEAD_CFG -----------
2026-03-18 16:21:56,794   INFO  cfg.MODEL.DENSE_HEAD.SEPARATE_HEAD_CFG.HEAD_ORDER: ['center', 'height', 'dim', 'rot', 'vel', 'iou']
2026-03-18 16:21:56,794   INFO  ----------- HEAD_DICT -----------
2026-03-18 16:21:56,794   INFO  ----------- center -----------
2026-03-18 16:21:56,794   INFO  cfg.MODEL.DENSE_HEAD.SEPARATE_HEAD_CFG.HEAD_DICT.center.out_channels: 2
2026-03-18 16:21:56,794   INFO  cfg.MODEL.DENSE_HEAD.SEPARATE_HEAD_CFG.HEAD_DICT.center.num_conv: 2
2026-03-18 16:21:56,794   INFO  ----------- height -----------
2026-03-18 16:21:56,794   INFO  cfg.MODEL.DENSE_HEAD.SEPARATE_HEAD_CFG.HEAD_DICT.height.out_channels: 1
2026-03-18 16:21:56,794   INFO  cfg.MODEL.DENSE_HEAD.SEPARATE_HEAD_CFG.HEAD_DICT.height.num_conv: 2
2026-03-18 16:21:56,794   INFO  ----------- dim -----------
2026-03-18 16:21:56,794   INFO  cfg.MODEL.DENSE_HEAD.SEPARATE_HEAD_CFG.HEAD_DICT.dim.out_channels: 3
2026-03-18 16:21:56,794   INFO  cfg.MODEL.DENSE_HEAD.SEPARATE_HEAD_CFG.HEAD_DICT.dim.num_conv: 2
2026-03-18 16:21:56,795   INFO  ----------- rot -----------
2026-03-18 16:21:56,795   INFO  cfg.MODEL.DENSE_HEAD.SEPARATE_HEAD_CFG.HEAD_DICT.rot.out_channels: 2
2026-03-18 16:21:56,796   INFO  cfg.MODEL.DENSE_HEAD.SEPARATE_HEAD_CFG.HEAD_DICT.rot.num_conv: 2
2026-03-18 16:21:56,796   INFO  ----------- vel -----------
2026-03-18 16:21:56,796   INFO  cfg.MODEL.DENSE_HEAD.SEPARATE_HEAD_CFG.HEAD_DICT.vel.out_channels: 2
2026-03-18 16:21:56,796   INFO  cfg.MODEL.DENSE_HEAD.SEPARATE_HEAD_CFG.HEAD_DICT.vel.num_conv: 2
2026-03-18 16:21:56,796   INFO  ----------- iou -----------
2026-03-18 16:21:56,796   INFO  cfg.MODEL.DENSE_HEAD.SEPARATE_HEAD_CFG.HEAD_DICT.iou.out_channels: 1
2026-03-18 16:21:56,796   INFO  cfg.MODEL.DENSE_HEAD.SEPARATE_HEAD_CFG.HEAD_DICT.iou.num_conv: 2
2026-03-18 16:21:56,796   INFO  ----------- TARGET_ASSIGNER_CONFIG -----------
2026-03-18 16:21:56,796   INFO  cfg.MODEL.DENSE_HEAD.TARGET_ASSIGNER_CONFIG.FEATURE_MAP_STRIDE: 2
2026-03-18 16:21:56,796   INFO  cfg.MODEL.DENSE_HEAD.TARGET_ASSIGNER_CONFIG.DATASET: nuScenes
2026-03-18 16:21:56,796   INFO  cfg.MODEL.DENSE_HEAD.TARGET_ASSIGNER_CONFIG.GAUSSIAN_OVERLAP: 0.1
2026-03-18 16:21:56,796   INFO  cfg.MODEL.DENSE_HEAD.TARGET_ASSIGNER_CONFIG.MIN_RADIUS: 2
2026-03-18 16:21:56,796   INFO  ----------- HUNGARIAN_ASSIGNER -----------
2026-03-18 16:21:56,796   INFO  ----------- cls_cost -----------
2026-03-18 16:21:56,796   INFO  cfg.MODEL.DENSE_HEAD.TARGET_ASSIGNER_CONFIG.HUNGARIAN_ASSIGNER.cls_cost.gamma: 2.0
2026-03-18 16:21:56,796   INFO  cfg.MODEL.DENSE_HEAD.TARGET_ASSIGNER_CONFIG.HUNGARIAN_ASSIGNER.cls_cost.alpha: 0.25
2026-03-18 16:21:56,796   INFO  cfg.MODEL.DENSE_HEAD.TARGET_ASSIGNER_CONFIG.HUNGARIAN_ASSIGNER.cls_cost.weight: 0.15
2026-03-18 16:21:56,796   INFO  ----------- reg_cost -----------
2026-03-18 16:21:56,796   INFO  cfg.MODEL.DENSE_HEAD.TARGET_ASSIGNER_CONFIG.HUNGARIAN_ASSIGNER.reg_cost.weight: 0.25
2026-03-18 16:21:56,796   INFO  ----------- iou_cost -----------
2026-03-18 16:21:56,796   INFO  cfg.MODEL.DENSE_HEAD.TARGET_ASSIGNER_CONFIG.HUNGARIAN_ASSIGNER.iou_cost.weight: 0.25
2026-03-18 16:21:56,796   INFO  ----------- LOSS_CONFIG -----------
2026-03-18 16:21:56,796   INFO  ----------- LOSS_WEIGHTS -----------
2026-03-18 16:21:56,796   INFO  cfg.MODEL.DENSE_HEAD.LOSS_CONFIG.LOSS_WEIGHTS.cls_weight: 1.0
2026-03-18 16:21:56,796   INFO  cfg.MODEL.DENSE_HEAD.LOSS_CONFIG.LOSS_WEIGHTS.bbox_weight: 0.25
2026-03-18 16:21:56,796   INFO  cfg.MODEL.DENSE_HEAD.LOSS_CONFIG.LOSS_WEIGHTS.hm_weight: 1.0
2026-03-18 16:21:56,796   INFO  cfg.MODEL.DENSE_HEAD.LOSS_CONFIG.LOSS_WEIGHTS.iou_weight: 0.5
2026-03-18 16:21:56,796   INFO  cfg.MODEL.DENSE_HEAD.LOSS_CONFIG.LOSS_WEIGHTS.iou_reg_weight: 0.5
2026-03-18 16:21:56,796   INFO  cfg.MODEL.DENSE_HEAD.LOSS_CONFIG.LOSS_WEIGHTS.code_weights: [1.0, 1.0, 1.0, 1.0, 1.0, 1.0, 1.0, 1.0, 0.2, 0.2]
2026-03-18 16:21:56,796   INFO  ----------- LOSS_CLS -----------
2026-03-18 16:21:56,796   INFO  cfg.MODEL.DENSE_HEAD.LOSS_CONFIG.LOSS_CLS.use_sigmoid: True
2026-03-18 16:21:56,796   INFO  cfg.MODEL.DENSE_HEAD.LOSS_CONFIG.LOSS_CLS.gamma: 2.0
2026-03-18 16:21:56,797   INFO  cfg.MODEL.DENSE_HEAD.LOSS_CONFIG.LOSS_CLS.alpha: 0.25
2026-03-18 16:21:56,797   INFO  cfg.MODEL.DENSE_HEAD.LOSS_CONFIG.LOSS_IOU: True
2026-03-18 16:21:56,797   INFO  cfg.MODEL.DENSE_HEAD.LOSS_CONFIG.LOSS_IOU_REG: True
2026-03-18 16:21:56,797   INFO  ----------- POST_PROCESSING -----------
2026-03-18 16:21:56,797   INFO  cfg.MODEL.DENSE_HEAD.POST_PROCESSING.SCORE_THRESH: 0.0
2026-03-18 16:21:56,797   INFO  cfg.MODEL.DENSE_HEAD.POST_PROCESSING.POST_CENTER_RANGE: [-61.2, -61.2, -10.0, 61.2, 61.2, 10.0]
2026-03-18 16:21:56,797   INFO  cfg.MODEL.DENSE_HEAD.POST_PROCESSING.USE_IOU_TO_RECTIFY_SCORE: True
2026-03-18 16:21:56,797   INFO  cfg.MODEL.DENSE_HEAD.POST_PROCESSING.IOU_RECTIFIER: [0.5]
2026-03-18 16:21:56,797   INFO  ----------- NMS_CONFIG -----------
2026-03-18 16:21:56,797   INFO  cfg.MODEL.DENSE_HEAD.NMS_CONFIG.NMS_TYPE: nms_gpu
2026-03-18 16:21:56,797   INFO  cfg.MODEL.DENSE_HEAD.NMS_CONFIG.NMS_THRESH: 0.2
2026-03-18 16:21:56,797   INFO  cfg.MODEL.DENSE_HEAD.NMS_CONFIG.NMS_PRE_MAXSIZE: 1000
2026-03-18 16:21:56,797   INFO  cfg.MODEL.DENSE_HEAD.NMS_CONFIG.NMS_POST_MAXSIZE: 100
2026-03-18 16:21:56,797   INFO  cfg.MODEL.DENSE_HEAD.NMS_CONFIG.SCORE_THRES: 0.0
2026-03-18 16:21:56,797   INFO  ----------- POST_PROCESSING -----------
2026-03-18 16:21:56,797   INFO  cfg.MODEL.POST_PROCESSING.RECALL_THRESH_LIST: [0.3, 0.5, 0.7]
2026-03-18 16:21:56,797   INFO  cfg.MODEL.POST_PROCESSING.SCORE_THRESH: 0.1
2026-03-18 16:21:56,797   INFO  cfg.MODEL.POST_PROCESSING.OUTPUT_RAW_SCORE: False
2026-03-18 16:21:56,797   INFO  cfg.MODEL.POST_PROCESSING.EVAL_METRIC: kitti
2026-03-18 16:21:56,797   INFO  ----------- NMS_CONFIG -----------
2026-03-18 16:21:56,797   INFO  cfg.MODEL.POST_PROCESSING.NMS_CONFIG.MULTI_CLASSES_NMS: True
2026-03-18 16:21:56,797   INFO  cfg.MODEL.POST_PROCESSING.NMS_CONFIG.NMS_TYPE: nms_gpu
2026-03-18 16:21:56,797   INFO  cfg.MODEL.POST_PROCESSING.NMS_CONFIG.NMS_THRESH: 0.2
2026-03-18 16:21:56,797   INFO  cfg.MODEL.POST_PROCESSING.NMS_CONFIG.NMS_PRE_MAXSIZE: 1000
2026-03-18 16:21:56,797   INFO  cfg.MODEL.POST_PROCESSING.NMS_CONFIG.NMS_POST_MAXSIZE: 83
2026-03-18 16:21:56,797   INFO  ----------- OPTIMIZATION -----------
2026-03-18 16:21:56,797   INFO  cfg.OPTIMIZATION.BATCH_SIZE_PER_GPU: 1
2026-03-18 16:21:56,797   INFO  cfg.OPTIMIZATION.NUM_EPOCHS: 10
2026-03-18 16:21:56,797   INFO  cfg.OPTIMIZATION.ACCUMULATION_STEPS: 6
2026-03-18 16:21:56,797   INFO  cfg.OPTIMIZATION.OPTIMIZER: adam_onecycle_split
2026-03-18 16:21:56,797   INFO  cfg.OPTIMIZATION.LR: 0.0015
2026-03-18 16:21:56,797   INFO  cfg.OPTIMIZATION.WEIGHT_DECAY: 0.03
2026-03-18 16:21:56,797   INFO  cfg.OPTIMIZATION.MOMENTUM: 0.9
2026-03-18 16:21:56,797   INFO  cfg.OPTIMIZATION.MOMS: [0.95, 0.85]
2026-03-18 16:21:56,797   INFO  cfg.OPTIMIZATION.PCT_START: 0.4
2026-03-18 16:21:56,797   INFO  cfg.OPTIMIZATION.DIV_FACTOR: 10
2026-03-18 16:21:56,798   INFO  cfg.OPTIMIZATION.DECAY_STEP_LIST: [35, 45]
2026-03-18 16:21:56,798   INFO  cfg.OPTIMIZATION.LR_DECAY: 0.1
2026-03-18 16:21:56,798   INFO  cfg.OPTIMIZATION.LR_CLIP: 1e-07
2026-03-18 16:21:56,798   INFO  ----------- SPLIT_CFG -----------
2026-03-18 16:21:56,798   INFO  cfg.OPTIMIZATION.SPLIT_CFG.MODEL_NAME: ['MambaFusion.Backbone_VSSM']
2026-03-18 16:21:56,798   INFO  cfg.OPTIMIZATION.SPLIT_CFG.SCALE: [0.1, 1]
2026-03-18 16:21:56,798   INFO  cfg.OPTIMIZATION.LR_WARMUP: False
2026-03-18 16:21:56,798   INFO  cfg.OPTIMIZATION.WARMUP_EPOCH: 1
2026-03-18 16:21:56,798   INFO  cfg.OPTIMIZATION.GRAD_NORM_CLIP: 10
2026-03-18 16:21:56,798   INFO  cfg.OPTIMIZATION.LOSS_SCALE_FP16: 32
2026-03-18 16:21:56,798   INFO  ----------- HOOK -----------
2026-03-18 16:21:56,798   INFO  ----------- DisableAugmentationHook -----------
2026-03-18 16:21:56,798   INFO  cfg.HOOK.DisableAugmentationHook.DISABLE_AUG_LIST: ['gt_sampling']
2026-03-18 16:21:56,798   INFO  cfg.HOOK.DisableAugmentationHook.NUM_LAST_EPOCHS: 2
2026-03-18 16:21:56,798   INFO  cfg.TAG: mamba_fusion
2026-03-18 16:21:56,798   INFO  cfg.EXP_GROUP_PATH: mambafusion_models
2026-03-18 16:21:56,803   INFO  ----------- Create dataloader & network & optimizer -----------
2026-03-18 16:21:56,979   INFO  GT database has not been removed from shared memory
